// Jest Snapshot v1, https://goo.gl/fbAQLP

exports[`Button renders correctly 1`] = `
<button
  className="button--primary"
>
  <span
    className="text-line1"
    data-testid="line1"
  >
    Book now
  </span>
  <span
    className="text-line2"
    data-testid="line2"
  >
    Â£ 1,300.00
  </span>
</button>
`;
