// Jest Snapshot v1, https://goo.gl/fbAQLP

exports[`Header renders correctly 1`] = `
<div
  className="header"
>
  <div
    className="menu"
  >
    <div
      className="menu-item"
    >
      <a
        href="/"
        onClick={[Function]}
      >
        Home
      </a>
    </div>
    <div
      className="menu-item"
    >
      <a
        href="/about"
        onClick={[Function]}
      >
        About
      </a>
    </div>
  </div>
</div>
`;
