// Jest Snapshot v1, https://goo.gl/fbAQLP

exports[`Label renders correctly 1`] = `
<div
  className="label"
>
  <span
    className="title"
  >
    Iberostar Grand Salome
  </span>
</div>
`;
